<h2>Some Markdown</h2>
<ul>
<li>one</li>
<li>two</li>
<li>three</li>
</ul>
<p><a href="http://github.com">Click here</a></p>
<h3>Awesome!</h3>
